// Jest Snapshot v1, https://goo.gl/fbAQLP

exports[`Admin Page should match snapshot 1`] = `
<DocumentFragment>
  <div
    class="p-4 md:p-8"
  >
    <div
      class="text-center text-gray-500 py-12"
    >
      Painel do Administrador em construção.
    </div>
  </div>
</DocumentFragment>
`;
